/bin/sh: ./test.sh: No such file or directory
